<?xml version="1.0" encoding="UTF-8"?>
<testsuites tests="1" failures="0" errors="0" time="0.224737">
	<testsuite tests="1" failures="0" time="0.091000" name="sandbox" timestamp="2023-11-30T12:51:34-07:00">
		<properties>
			<property name="go.version" value="go1.20.3 darwin/arm64"></property>
		</properties>
		<testcase classname="sandbox" name="TestAdd" time="0.000000"></testcase>
	</testsuite>
</testsuites>